V3 3
FL "D:/ISE Projects/VendingMachine/VendingMachine.vhd" 2017/12/01.16:41:01 P.20131013
EN work/VENDINGMACHINE 1512139275 \
      FL "D:/ISE Projects/VendingMachine/VendingMachine.vhd" \
      PB ieee/std_logic_1164 1381692176 PB ieee/std_logic_arith 1381692177
AR work/VENDINGMACHINE/BEHAVIORAL 1512139276 \
      FL "D:/ISE Projects/VendingMachine/VendingMachine.vhd" \
      EN work/VENDINGMACHINE 1512139275
